
 RUN  v4.0.17 D:/Jeux/Developpement/dominion

stdout | server/tests/EconomyRepro.test.ts > repro hang
Creating state

 ❯ server/tests/EconomyRepro.test.ts (1 test | 1 failed) 4ms
   × repro hang 3ms

⎯⎯⎯⎯⎯⎯⎯ Failed Tests 1 ⎯⎯⎯⎯⎯⎯⎯

 FAIL  server/tests/EconomyRepro.test.ts > repro hang
TypeError: Cannot set properties of undefined (setting 'hand')
 ❯ server/tests/EconomyRepro.test.ts:11:22
      9|     const state = createGameState(['P1', 'P2']);
     10|     state.phase = 'BUY'; // Critical
     11|     state.players[0].hand = [createCardInstance('copper')];
       |                      ^
     12|     state.players[0].actions = 1;
     13|     // Clearing resources to match Economy.test.ts exactly?

⎯⎯⎯⎯⎯⎯⎯⎯⎯⎯⎯⎯⎯⎯⎯⎯⎯⎯⎯⎯⎯⎯⎯⎯[1/1]⎯


 Test Files  1 failed (1)
      Tests  1 failed (1)
   Start at  14:22:49
   Duration  3.23s (transform 1.55s, setup 0ms, import 3.05s, tests 4ms, environment 0ms)

