
> dominion-js@1.0.0 check-types
> tsc --noEmit

client/components/ChoiceModalV2.tsx(2,10): error TS6133: 'motion' is declared but its value is never read.
client/components/LogView.tsx(23,115): error TS6133: 'onRequestRewind' is declared but its value is never read.
client/hooks/usePromptInteraction.ts(3,27): error TS6133: 'SelectionState' is declared but its value is never read.
client/hooks/useSound.ts(4,33): error TS6133: 'useEffect' is declared but its value is never read.
server/tests/audit_conditional.ts(3,10): error TS6133: 'PlayerState' is declared but its value is never read.
server/tests/audit_duration.ts(6,1): error TS6133: 'CardRegistry' is declared but its value is never read.
server/tests/card_validation.ts(14,29): error TS6133: 'PlayerState' is declared but its value is never read.
server/tests/card_validation.ts(15,30): error TS6133: 'CardInstance' is declared but its value is never read.
server/tests/DarkAgesSetup.test.ts(14,30): error TS6133: 'event' is declared but its value is never read.
server/tests/DarkAgesSetup.test.ts(18,26): error TS6133: 'event' is declared but its value is never read.
server/tests/DarkAgesTrash.test.ts(7,30): error TS6133: 'createCardInstances' is declared but its value is never read.
server/tests/DarkAgesTrash.test.ts(144,19): error TS6133: 'duchyOption' is declared but its value is never read.
server/tests/harness.ts(2,38): error TS6133: 'LogEntry' is declared but its value is never read.
server/tests/harness.ts(28,7): error TS6196: 'TestHarness' is declared but never used.
server/tests/harness.ts(49,15): error TS6133: 'p2' is declared but its value is never read.
server/tests/harness.ts(163,7): error TS6133: 'tests' is declared but its value is never read.
server/tests/harness.ts(169,18): error TS6133: 'state' is declared but its value is never read.
server/tests/harness.ts(176,18): error TS6133: 'state' is declared but its value is never read.
server/tests/harness.ts(183,18): error TS6133: 'state' is declared but its value is never read.
server/tests/harness.ts(194,18): error TS6133: 'state' is declared but its value is never read.
server/tests/harness.ts(205,18): error TS6133: 'state' is declared but its value is never read.
server/tests/harness.ts(213,18): error TS6133: 'state' is declared but its value is never read.
server/tests/harness.ts(223,18): error TS6133: 'state' is declared but its value is never read.
server/tests/harness.ts(232,18): error TS6133: 'state' is declared but its value is never read.
server/tests/harness.ts(242,17): error TS6133: 'state' is declared but its value is never read.
server/tests/harness.ts(246,18): error TS6133: 'state' is declared but its value is never read.
server/tests/harness.ts(246,25): error TS6133: 'player' is declared but its value is never read.
server/tests/harness.ts(253,18): error TS6133: 'state' is declared but its value is never read.
server/tests/harness.ts(261,18): error TS6133: 'state' is declared but its value is never read.
server/tests/harness.ts(261,25): error TS6133: 'player' is declared but its value is never read.
server/tests/harness.ts(268,18): error TS6133: 'state' is declared but its value is never read.
server/tests/harness.ts(268,25): error TS6133: 'player' is declared but its value is never read.
server/tests/harness.ts(275,18): error TS6133: 'state' is declared but its value is never read.
server/tests/harness.ts(283,18): error TS6133: 'state' is declared but its value is never read.
server/tests/harness.ts(283,25): error TS6133: 'player' is declared but its value is never read.
server/tests/harness.ts(290,18): error TS6133: 'state' is declared but its value is never read.
server/tests/harness.ts(298,18): error TS6133: 'state' is declared but its value is never read.
server/tests/harness.ts(306,18): error TS6133: 'state' is declared but its value is never read.
server/tests/harness.ts(306,25): error TS6133: 'player' is declared but its value is never read.
server/tests/harness.ts(313,18): error TS6133: 'state' is declared but its value is never read.
server/tests/harness.ts(313,25): error TS6133: 'player' is declared but its value is never read.
server/tests/harness.ts(320,18): error TS6133: 'state' is declared but its value is never read.
server/tests/harness.ts(320,25): error TS6133: 'player' is declared but its value is never read.
server/tests/harness.ts(327,18): error TS6133: 'state' is declared but its value is never read.
server/tests/harness.ts(335,18): error TS6133: 'state' is declared but its value is never read.
server/tests/harness.ts(335,25): error TS6133: 'player' is declared but its value is never read.
server/tests/harness.ts(342,18): error TS6133: 'state' is declared but its value is never read.
server/tests/harness.ts(342,25): error TS6133: 'player' is declared but its value is never read.
server/tests/harness.ts(349,18): error TS6133: 'state' is declared but its value is never read.
server/tests/harness.ts(349,25): error TS6133: 'player' is declared but its value is never read.
server/tests/harness.ts(356,18): error TS6133: 'state' is declared but its value is never read.
server/tests/harness.ts(365,18): error TS6133: 'state' is declared but its value is never read.
server/tests/harness.ts(365,25): error TS6133: 'player' is declared but its value is never read.
server/tests/harness.ts(372,18): error TS6133: 'state' is declared but its value is never read.
server/tests/harness.ts(372,25): error TS6133: 'player' is declared but its value is never read.
server/tests/harness.ts(379,18): error TS6133: 'state' is declared but its value is never read.
server/tests/harness.ts(379,25): error TS6133: 'player' is declared but its value is never read.
server/tests/harness.ts(386,18): error TS6133: 'state' is declared but its value is never read.
server/tests/harness.ts(386,25): error TS6133: 'player' is declared but its value is never read.
server/tests/integration_tests.ts(7,10): error TS6133: 'PlayerState' is declared but its value is never read.
server/tests/integration_tests.ts(212,15): error TS6133: 'beforeCoins' is declared but its value is never read.
server/tests/MechanicsAuditV2.test.ts(2,41): error TS6133: 'createPlayer' is declared but its value is never read.
server/tests/MechanicsAuditV2.test.ts(4,1): error TS6133: 'ActionResolver' is declared but its value is never read.
server/tests/MechanicsAuditV2.test.ts(5,1): error TS6133: 'CardRegistry' is declared but its value is never read.
server/tests/MechanicsAuditV2.test.ts(6,1): error TS6133: 'PromptType' is declared but its value is never read.
server/tests/MechanicsB.test.ts(83,19): error TS6133: 'decisionResult' is declared but its value is never read.
server/tests/promos/PromoMechanics.test.ts(6,1): error TS6133: 'CardRegistry' is declared but its value is never read.
server/tests/promos/PromoMechanics.test.ts(34,19): error TS6133: 'villageInstanceId' is declared but its value is never read.
server/tests/promos/PromoMechanics.test.ts(56,19): error TS6133: 'player' is declared but its value is never read.
server/tests/promos/PromoMechanics.test.ts(93,19): error TS6133: 'res' is declared but its value is never read.
server/tests/repro_log_integrity.ts(16,7): error TS6133: 'originalLog' is declared but its value is never read.
server/tests/repro_log_integrity.ts(17,7): error TS6133: 'originalError' is declared but its value is never read.
server/tests/repro_log_integrity.ts(22,7): error TS6133: 'mockLogger' is declared but its value is never read.
server/tests/repro_log_integrity.ts(23,11): error TS6133: 'state' is declared but its value is never read.
server/tests/repro_log_integrity.ts(23,29): error TS6133: 'msg' is declared but its value is never read.
server/tests/repro_log_integrity.ts(92,15): error TS6133: 'effect' is declared but its value is never read.
server/tests/repro_log_integrity.ts(118,15): error TS6133: 'logEntry' is declared but its value is never read.
server/tests/RisingSunProphecies.test.ts(4,1): error TS6133: 'CardRegistry' is declared but its value is never read.
server/tests/RisingSunProphecies.test.ts(5,1): error TS6192: All imports in import declaration are unused.
server/tests/RisingSunProphecies.test.ts(6,19): error TS6133: 'mountain_shrine' is declared but its value is never read.
server/tests/SeasideDuration.test.ts(8,1): error TS6133: 'PromptType' is declared but its value is never read.
server/tests/SeasideMechanics.test.ts(6,1): error TS6133: 'PromptType' is declared but its value is never read.
server/tests/selection_persistence.ts(2,27): error TS6133: 'GameState' is declared but its value is never read.
server/tests/selection_persistence.ts(3,29): error TS6133: 'PlayerState' is declared but its value is never read.
server/tests/selection_persistence.ts(17,7): error TS6133: 'originalLog' is declared but its value is never read.
server/tests/selection_persistence.ts(18,7): error TS6133: 'originalError' is declared but its value is never read.
server/tests/selection_persistence.ts(43,15): error TS6133: 'action' is declared but its value is never read.
server/tests/test_empires_simple.ts(7,10): error TS6133: 'PlayerState' is declared but its value is never read.
server/tests/validate_all_cards.ts(7,10): error TS6133: 'PlayerState' is declared but its value is never read.
server/tests/validation/audit/ExpansionAudit.test.ts(4,20): error TS6133: 'CardReference' is declared but its value is never read.
server/tests/validation/BaseSet.test.ts(15,29): error TS6133: 'state' is declared but its value is never read.
server/tests/validation/BaseSet.test.ts(30,29): error TS6133: 'state' is declared but its value is never read.
server/tests/validation/BaseSet.test.ts(44,29): error TS6133: 'state' is declared but its value is never read.
server/tests/validation/BaseSet.test.ts(71,29): error TS6133: 'state' is declared but its value is never read.
server/tests/validation/BaseSet.test.ts(181,29): error TS6133: 'state' is declared but its value is never read.
server/tests/validation/BaseSet.test.ts(195,29): error TS6133: 'state' is declared but its value is never read.
server/tests/validation/BaseSet.test.ts(209,29): error TS6133: 'state' is declared but its value is never read.
server/tests/validation/BaseSetPart1.test.ts(85,15): error TS6133: 'p2' is declared but its value is never read.
server/tests/validation/BaseSetPart2.test.ts(14,29): error TS6133: 'state' is declared but its value is never read.
server/tests/validation/BaseSetPart2.test.ts(23,15): error TS6133: 'p1' is declared but its value is never read.
server/tests/validation/BaseSetPart2.test.ts(29,29): error TS6133: 'state' is declared but its value is never read.
server/tests/validation/BaseSetPart2.test.ts(83,29): error TS6133: 'state' is declared but its value is never read.
server/tests/validation/BaseSetPart3.test.ts(17,29): error TS6133: 'state' is declared but its value is never read.
server/tests/validation/BaseSetPart3.test.ts(40,29): error TS6133: 'state' is declared but its value is never read.
server/tests/validation/BaseSetPart3.test.ts(48,29): error TS6133: 'state' is declared but its value is never read.
server/tests/validation/BaseSetPart3.test.ts(75,33): error TS6133: 'state' is declared but its value is never read.
server/tests/validation/BaseSetPart3.test.ts(137,29): error TS6133: 'state' is declared but its value is never read.
server/tests/validation/CornucopiaGuildsPart1.test.ts(99,15): error TS6133: 'p2' is declared but its value is never read.
server/tests/validation/ProsperityPart1.test.ts(85,15): error TS6133: 'p2' is declared but its value is never read.
server/tests/validation/Seaside.test.ts(15,29): error TS6133: 'state' is declared but its value is never read.
server/tests/validation/Seaside.test.ts(25,29): error TS6133: 'state' is declared but its value is never read.
server/tests/validation/Seaside.test.ts(48,29): error TS6133: 'state' is declared but its value is never read.
server/tests/validation/Seaside.test.ts(55,29): error TS6133: 'state' is declared but its value is never read.
server/tests/validation/Seaside.test.ts(68,29): error TS6133: 'state' is declared but its value is never read.
server/tests/validation/Seaside.test.ts(75,29): error TS6133: 'state' is declared but its value is never read.
server/tests/validation/Seaside.test.ts(100,29): error TS6133: 'state' is declared but its value is never read.
server/tests/validation/Seaside.test.ts(107,29): error TS6133: 'state' is declared but its value is never read.
server/tests/validation/SeasidePart3.test.ts(98,15): error TS6133: 'silver' is declared but its value is never read.
server/tests/validation/TestUtils.ts(2,10): error TS6133: 'describe' is declared but its value is never read.
server/tests/validation/TestUtils.ts(2,28): error TS6133: 'test' is declared but its value is never read.
server/tools/StressTest.ts(7,8): error TS6133: 'room' is declared but its value is never read.
server/tools/StressTest.ts(8,10): error TS6133: 'event' is declared but its value is never read.
server/tools/StressTest.ts(8,25): error TS6133: 'data' is declared but its value is never read.
server/tools/StressTest.ts(9,8): error TS6133: 'room' is declared but its value is never read.
server/tools/StressTest.ts(10,8): error TS6133: 'event' is declared but its value is never read.
server/tools/StressTest.ts(10,23): error TS6133: 'cb' is declared but its value is never read.
shared/cards/DebugCaravan.test.ts(4,21): error TS6133: 'PlayerState' is declared but its value is never read.
shared/cards/DebugCaravan.test.ts(6,1): error TS6133: 'TurnMachine' is declared but its value is never read.
shared/cards/DebugCaravan.test.ts(7,1): error TS6133: 'EffectEngine' is declared but its value is never read.
shared/cards/landscapes/Landscape.test.ts(7,1): error TS6133: 'TurnMachine' is declared but its value is never read.
shared/cards/landscapes/Landscape.test.ts(10,1): error TS6133: 'CardRegistry' is declared but its value is never read.
shared/cards/landscapes/LandscapeExamples.ts(2,1): error TS6133: 'EffectRegistry' is declared but its value is never read.
shared/engine/EffectRegistry.ts(30,44): error TS6133: 'e' is declared but its value is never read.
shared/engine/EffectRegistry.ts(34,53): error TS6133: 'e' is declared but its value is never read.
shared/engine/EffectRegistry.ts(35,49): error TS6133: 'e' is declared but its value is never read.
shared/engine/EffectRegistry.ts(35,52): error TS6133: 'c' is declared but its value is never read.
shared/engine/EffectRegistry.ts(38,46): error TS6133: 'c' is declared but its value is never read.
shared/engine/EffectRegistry.ts(39,49): error TS6133: 'c' is declared but its value is never read.
shared/engine/effects/ConditionEffectHandler.ts(3,1): error TS6133: 'EffectUtils' is declared but its value is never read.
shared/engine/effects/DurationEffectHandler.ts(5,51): error TS6133: 'player' is declared but its value is never read.
shared/engine/effects/DurationEffectHandler.ts(5,72): error TS6133: 'effect' is declared but its value is never read.
shared/engine/effects/DurationEffectHandler.ts(5,85): error TS6133: 'sourceCardInstanceId' is declared but its value is never read.
shared/engine/effects/DurationEffectHandler.ts(45,50): error TS6133: 'player' is declared but its value is never read.
shared/engine/effects/ExpansionEffectHandler.ts(18,72): error TS6133: 'sourceCardInstanceId' is declared but its value is never read.
shared/engine/effects/ReactionEffectHandler.ts(2,1): error TS6133: 'CardRegistry' is declared but its value is never read.
shared/engine/effects/ReactionEffectHandler.ts(5,45): error TS6133: 'player' is declared but its value is never read.
shared/engine/effects/ReactionEffectHandler.ts(5,66): error TS6133: 'effect' is declared but its value is never read.
shared/engine/effects/TokenEffectHandler.ts(4,1): error TS6133: 'Logger' is declared but its value is never read.
shared/engine/effects/TrashEffectHandler.ts(9,89): error TS6133: 'effect' is declared but its value is never read.
shared/engine/effects/TrashEffectHandler.ts(118,85): error TS6133: 'context' is declared but its value is never read.
shared/engine/effects/TriggerEffectHandler.ts(2,1): error TS6133: 'EffectUtils' is declared but its value is never read.
shared/engine/effects/ZoneEffectHandler.ts(4,1): error TS6133: 'CardInstance' is declared but its value is never read.
shared/engine/effects/ZoneEffectHandler.ts(8,1): error TS6133: 'TokenManager' is declared but its value is never read.
shared/engine/effects/ZoneEffectHandler.ts(14,63): error TS6133: 'effect' is declared but its value is never read.
shared/engine/effects/ZoneEffectHandler.ts(14,76): error TS6133: 'sourceCardInstanceId' is declared but its value is never read.
shared/engine/effects/ZoneEffectHandler.ts(58,46): error TS6133: 'player' is declared but its value is never read.
shared/engine/effects/ZoneEffectHandler.ts(59,15): error TS6133: 'matName' is declared but its value is never read.
shared/engine/effects/ZoneEffectHandler.ts(60,15): error TS6133: 'source' is declared but its value is never read.
shared/engine/effects/ZoneEffectHandler.ts(61,15): error TS6133: 'limit' is declared but its value is never read.
shared/engine/effects/ZoneEffectHandler.ts(68,48): error TS6133: 'player' is declared but its value is never read.
shared/engine/effects/ZoneEffectHandler.ts(69,15): error TS6133: 'matName' is declared but its value is never read.
shared/engine/effects/ZoneEffectHandler.ts(103,46): error TS6133: 'player' is declared but its value is never read.
shared/engine/effects/ZoneEffectHandler.ts(103,67): error TS6133: 'effect' is declared but its value is never read.
shared/engine/effects/ZoneEffectHandler.ts(108,47): error TS6133: 'effect' is declared but its value is never read.
shared/engine/registerCoreEffects.ts(301,59): error TS6133: 'player' is declared but its value is never read.
shared/engine/registerCoreEffects.ts(307,60): error TS6133: 'player' is declared but its value is never read.
